<html>
<body>
<pre>
<h1>µVision Build Log</h1>
<h2>Tool Versions:</h2>
IDE-Version: µVision V5.31.0.0
Copyright (C) 2020 ARM Ltd and ARM Germany GmbH. All rights reserved.
License Information: ahihihi ahuhuhu, heheheh, LIC=MPPLD-8E9CB-RAPDM-X484Z-VJYC7-DQ6RP
 
Tool Versions:
Toolchain:       MDK-ARM Plus  Version: 5.31.0.0
Toolchain Path:  C:\KELIC\ARM\ARMCC\Bin
C Compiler:      Armcc.exe V5.06 update 6 (build 750)
Assembler:       Armasm.exe V5.06 update 6 (build 750)
Linker/Locator:  ArmLink.exe V5.06 update 6 (build 750)
Library Manager: ArmAr.exe V5.06 update 6 (build 750)
Hex Converter:   FromElf.exe V5.06 update 6 (build 750)
CPU DLL:         SARMCM3.DLL V5.31.0.0
Dialog DLL:      DCM.DLL V1.17.3.0
Target DLL:      STLink\ST-LINKIII-KEIL_SWO.dll V3.0.7.0
Dialog DLL:      TCM.DLL V1.46.0.0
 
<h2>Project:</h2>
D:\STM32\NCKH\f4_radar\MDK-ARM\f4_radar.uvprojx
Project File Date:  02/21/2025

<h2>Output:</h2>
*** Using Compiler 'V5.06 update 6 (build 750)', folder: 'C:\KELIC\ARM\ARMCC\Bin'
Build target 'f4_radar'
assembling startup_stm32f407xx.s...
compiling stm32f4xx_hal_msp.c...
compiling stm32f4xx_it.c...
compiling main.c...
../Core/Src/main.c(114): warning:  #177-D: variable "id"  was declared but never referenced
    uint16_t id = (buffer[1] << 8) | buffer[2];
../Core/Src/main.c(115): warning:  #177-D: variable "lenField"  was declared but never referenced
    uint16_t lenField = (buffer[3] << 8) | buffer[4];
../Core/Src/main.c: 2 warnings, 0 errors
linking...
Program Size: Code=13468 RO-data=688 RW-data=20 ZI-data=1972  
FromELF: creating hex file...
"f4_radar\f4_radar.axf" - 0 Error(s), 2 Warning(s).

<h2>Software Packages used:</h2>

Package Vendor: ARM
                http://www.keil.com/pack/ARM.CMSIS.5.7.0.pack
                ARM.CMSIS.5.7.0
                CMSIS (Cortex Microcontroller Software Interface Standard)
   * Component: CORE Version: 5.4.0

Package Vendor: Keil
                https://www.keil.com/pack/Keil.STM32F4xx_DFP.3.0.0.pack
                Keil.STM32F4xx_DFP.3.0.0
                STMicroelectronics STM32F4 Series Device Support

<h2>Collection of Component include folders:</h2>
  .\RTE\_f4_radar
  C:\KELIC\ARM\CMSIS\5.7.0\CMSIS\Core\Include

<h2>Collection of Component Files used:</h2>

   * Component: ARM::CMSIS:CORE:5.4.0
Build Time Elapsed:  00:00:03
</pre>
</body>
</html>
